2024-10-09 11:26:25,979 - INFO - Datos guardados en la base de datos.
2024-10-09 11:36:25,038 - INFO - Datos guardados en la base de datos.
2024-10-09 11:37:26,975 - INFO - Datos guardados en la base de datos.
2024-10-09 11:38:28,674 - INFO - Datos guardados en la base de datos.
2024-10-09 11:40:42,072 - INFO - Datos guardados en la base de datos.
2024-10-09 11:41:48,630 - INFO - Datos guardados en la base de datos.
2024-10-09 11:42:50,692 - INFO - Datos guardados en la base de datos.
2024-10-09 11:43:52,392 - INFO - Datos guardados en la base de datos.
2024-10-09 11:44:54,492 - INFO - Datos guardados en la base de datos.
2024-10-09 11:46:46,401 - INFO - Datos guardados en la base de datos.
2024-10-09 11:47:48,122 - INFO - Datos guardados en la base de datos.
2024-10-09 11:48:49,582 - INFO - Datos guardados en la base de datos.
2024-10-09 11:49:51,635 - INFO - Datos guardados en la base de datos.
2024-10-09 11:50:52,992 - INFO - Datos guardados en la base de datos.
2024-10-09 11:51:54,842 - INFO - Datos guardados en la base de datos.
2024-10-09 11:52:11,232 - INFO - Datos guardados en la base de datos.
2024-10-09 11:52:56,671 - INFO - Datos guardados en la base de datos.
2024-10-09 11:53:12,957 - INFO - Datos guardados en la base de datos.
2024-10-09 11:53:58,391 - INFO - Datos guardados en la base de datos.
2024-10-09 11:54:14,584 - INFO - Datos guardados en la base de datos.
2024-10-09 11:54:59,908 - INFO - Datos guardados en la base de datos.
2024-10-09 11:55:16,233 - INFO - Datos guardados en la base de datos.
2024-10-09 11:56:01,601 - INFO - Datos guardados en la base de datos.
2024-10-09 11:56:18,131 - INFO - Datos guardados en la base de datos.
2024-10-09 11:57:03,650 - INFO - Datos guardados en la base de datos.
2024-10-09 11:57:19,946 - INFO - Datos guardados en la base de datos.
2024-10-09 11:58:05,696 - INFO - Datos guardados en la base de datos.
2024-10-09 11:58:21,774 - INFO - Datos guardados en la base de datos.
2024-10-09 11:59:07,655 - INFO - Datos guardados en la base de datos.
2024-10-09 11:59:23,641 - INFO - Datos guardados en la base de datos.
2024-10-09 12:00:09,817 - INFO - Datos guardados en la base de datos.
2024-10-09 12:00:25,579 - INFO - Datos guardados en la base de datos.
2024-10-09 12:01:11,646 - INFO - Datos guardados en la base de datos.
2024-10-09 12:01:27,834 - INFO - Datos guardados en la base de datos.
2024-10-09 12:02:13,547 - INFO - Datos guardados en la base de datos.
2024-10-09 12:02:29,689 - INFO - Datos guardados en la base de datos.
2024-10-09 12:03:16,237 - INFO - Datos guardados en la base de datos.
2024-10-09 12:03:31,638 - INFO - Datos guardados en la base de datos.
2024-10-09 12:04:17,905 - INFO - Datos guardados en la base de datos.
2024-10-09 12:04:33,405 - INFO - Datos guardados en la base de datos.
2024-10-09 12:05:20,200 - INFO - Datos guardados en la base de datos.
2024-10-09 12:05:35,419 - INFO - Datos guardados en la base de datos.
2024-10-09 12:06:21,879 - INFO - Datos guardados en la base de datos.
2024-10-09 12:06:37,125 - INFO - Datos guardados en la base de datos.
2024-10-09 12:07:23,830 - INFO - Datos guardados en la base de datos.
2024-10-09 12:07:38,764 - INFO - Datos guardados en la base de datos.
2024-10-09 12:08:25,664 - INFO - Datos guardados en la base de datos.
2024-10-09 12:08:40,548 - INFO - Datos guardados en la base de datos.
2024-10-09 12:09:28,595 - INFO - Datos guardados en la base de datos.
2024-10-09 12:09:42,698 - INFO - Datos guardados en la base de datos.
2024-10-09 12:10:31,783 - INFO - Datos guardados en la base de datos.
2024-10-09 12:10:44,810 - INFO - Datos guardados en la base de datos.
2024-10-09 12:11:33,808 - INFO - Datos guardados en la base de datos.
2024-10-09 12:11:46,573 - INFO - Datos guardados en la base de datos.
2024-10-09 12:12:35,825 - INFO - Datos guardados en la base de datos.
2024-10-09 12:12:48,326 - INFO - Datos guardados en la base de datos.
2024-10-09 12:13:37,704 - INFO - Datos guardados en la base de datos.
2024-10-09 12:13:50,200 - INFO - Datos guardados en la base de datos.
2024-10-09 12:14:39,851 - INFO - Datos guardados en la base de datos.
2024-10-09 12:14:51,780 - INFO - Datos guardados en la base de datos.
2024-10-09 12:15:41,766 - INFO - Datos guardados en la base de datos.
2024-10-09 12:15:53,429 - INFO - Datos guardados en la base de datos.
2024-10-09 12:16:43,581 - INFO - Datos guardados en la base de datos.
2024-10-09 12:16:55,251 - INFO - Datos guardados en la base de datos.
2024-10-09 12:17:45,294 - INFO - Datos guardados en la base de datos.
2024-10-09 12:18:46,921 - INFO - Datos guardados en la base de datos.
2024-10-09 12:19:48,657 - INFO - Datos guardados en la base de datos.
2024-10-09 12:20:13,267 - INFO - Datos guardados en la base de datos.
2024-10-09 12:20:50,549 - INFO - Datos guardados en la base de datos.
2024-10-09 12:21:14,743 - INFO - Datos guardados en la base de datos.
2024-10-09 12:21:52,603 - INFO - Datos guardados en la base de datos.
2024-10-09 12:22:16,655 - INFO - Datos guardados en la base de datos.
2024-10-09 12:22:54,495 - INFO - Datos guardados en la base de datos.
2024-10-09 12:23:18,754 - INFO - Datos guardados en la base de datos.
2024-10-09 12:23:56,347 - INFO - Datos guardados en la base de datos.
2024-10-09 12:24:58,115 - INFO - Datos guardados en la base de datos.
2024-10-09 12:25:59,966 - INFO - Datos guardados en la base de datos.
2024-10-09 12:27:02,101 - INFO - Datos guardados en la base de datos.
2024-10-09 12:28:04,182 - INFO - Datos guardados en la base de datos.
2024-10-09 12:29:05,948 - INFO - Datos guardados en la base de datos.
2024-10-09 12:30:07,746 - INFO - Datos guardados en la base de datos.
2024-10-09 12:31:10,318 - INFO - Datos guardados en la base de datos.
2024-10-09 12:32:12,398 - INFO - Datos guardados en la base de datos.
2024-10-09 12:33:14,287 - INFO - Datos guardados en la base de datos.
2024-10-09 12:34:16,428 - INFO - Datos guardados en la base de datos.
2024-10-09 12:35:18,475 - INFO - Datos guardados en la base de datos.
2024-10-09 12:36:20,373 - INFO - Datos guardados en la base de datos.
2024-10-09 13:48:22,388 - INFO - Datos guardados en la base de datos.
2024-10-09 13:50:05,314 - INFO - Datos guardados en la base de datos.
2024-10-09 13:51:07,262 - INFO - Datos guardados en la base de datos.
2024-10-09 13:52:08,872 - INFO - Datos guardados en la base de datos.
2024-10-09 13:53:10,844 - INFO - Datos guardados en la base de datos.
2024-10-09 13:54:12,596 - INFO - Datos guardados en la base de datos.
2024-10-09 13:55:14,348 - INFO - Datos guardados en la base de datos.
2024-10-09 13:56:16,406 - INFO - Datos guardados en la base de datos.
2024-10-09 13:57:18,122 - INFO - Datos guardados en la base de datos.
2024-10-09 13:58:19,985 - INFO - Datos guardados en la base de datos.
2024-10-09 13:59:21,871 - INFO - Datos guardados en la base de datos.
2024-10-09 14:00:24,146 - INFO - Datos guardados en la base de datos.
2024-10-09 14:01:26,037 - INFO - Datos guardados en la base de datos.
2024-10-09 14:02:28,087 - INFO - Datos guardados en la base de datos.
2024-10-09 14:03:30,128 - INFO - Datos guardados en la base de datos.
2024-10-09 14:04:32,267 - INFO - Datos guardados en la base de datos.
2024-10-09 14:05:34,398 - INFO - Datos guardados en la base de datos.
2024-10-09 14:06:36,416 - INFO - Datos guardados en la base de datos.
2024-10-09 14:07:38,245 - INFO - Datos guardados en la base de datos.
2024-10-09 14:08:40,272 - INFO - Datos guardados en la base de datos.
2024-10-09 14:09:42,124 - INFO - Datos guardados en la base de datos.
2024-10-09 14:10:44,402 - INFO - Datos guardados en la base de datos.
2024-10-09 14:11:46,309 - INFO - Datos guardados en la base de datos.
2024-10-09 14:12:48,221 - INFO - Datos guardados en la base de datos.
2024-10-09 14:13:49,852 - INFO - Datos guardados en la base de datos.
2024-10-09 14:14:51,780 - INFO - Datos guardados en la base de datos.
2024-10-09 14:15:53,803 - INFO - Datos guardados en la base de datos.
2024-10-09 14:16:55,704 - INFO - Datos guardados en la base de datos.
2024-10-09 14:17:57,751 - INFO - Datos guardados en la base de datos.
2024-10-09 14:18:59,684 - INFO - Datos guardados en la base de datos.
2024-10-09 14:20:01,375 - INFO - Datos guardados en la base de datos.
2024-10-09 14:21:03,498 - INFO - Datos guardados en la base de datos.
2024-10-09 14:22:05,376 - INFO - Datos guardados en la base de datos.
2024-10-09 14:23:07,255 - INFO - Datos guardados en la base de datos.
2024-10-09 14:24:09,220 - INFO - Datos guardados en la base de datos.
2024-10-09 14:25:11,121 - INFO - Datos guardados en la base de datos.
2024-10-09 14:26:12,908 - INFO - Datos guardados en la base de datos.
2024-10-09 14:27:14,855 - INFO - Datos guardados en la base de datos.
2024-10-09 14:28:17,014 - INFO - Datos guardados en la base de datos.
2024-10-09 14:29:18,664 - INFO - Datos guardados en la base de datos.
2024-10-09 14:30:20,533 - INFO - Datos guardados en la base de datos.
2024-10-09 14:31:22,459 - INFO - Datos guardados en la base de datos.
2024-10-09 14:32:24,537 - INFO - Datos guardados en la base de datos.
2024-10-09 14:33:26,589 - INFO - Datos guardados en la base de datos.
2024-10-09 14:34:28,596 - INFO - Datos guardados en la base de datos.
2024-10-09 14:35:30,414 - INFO - Datos guardados en la base de datos.
2024-10-09 14:36:32,507 - INFO - Datos guardados en la base de datos.
2024-10-09 14:37:34,538 - INFO - Datos guardados en la base de datos.
2024-10-09 14:38:36,375 - INFO - Datos guardados en la base de datos.
2024-10-09 14:39:38,408 - INFO - Datos guardados en la base de datos.
2024-10-09 15:19:34,977 - ERROR - Finalizo el Hilo: ('08S01', '[08S01] [Microsoft][ODBC Driver 17 for SQL Server]TCP Provider: Error code 0x274C (10060) (SQLExecDirectW)')
2024-10-09 16:34:07,560 - ERROR - Finalizo el Hilo: ('08S01', '[08S01] [Microsoft][ODBC Driver 17 for SQL Server]TCP Provider: Error code 0x274C (10060) (SQLExecDirectW)')
2024-10-10 07:11:36,671 - INFO - Tarea as√≠ncrona iniciada para guardar datos cada 1 minuto.
2024-10-10 07:11:39,738 - INFO - Datos guardados en la base de datos.
2024-10-10 07:11:45,335 - INFO - Solicitud entrante: GET http://127.0.0.1:9999/
2024-10-10 07:11:45,372 - INFO - Llamada completada 404
2024-10-10 07:11:45,608 - INFO - Solicitud entrante: GET http://127.0.0.1:9999/favicon.ico
2024-10-10 07:11:45,699 - INFO - Llamada completada 404
2024-10-10 07:11:50,171 - INFO - Solicitud entrante: GET http://127.0.0.1:9999/data
2024-10-10 07:11:51,875 - INFO - Llamada completada 200
2024-10-10 07:11:51,951 - INFO - Solicitud entrante: GET http://127.0.0.1:9999/favicon.ico
2024-10-10 07:11:51,965 - INFO - Llamada completada 404
2024-10-10 07:12:41,457 - INFO - Datos guardados en la base de datos.
2024-10-10 07:13:43,006 - INFO - Datos guardados en la base de datos.
2024-10-10 07:14:44,658 - INFO - Datos guardados en la base de datos.
2024-10-10 07:17:03,158 - INFO - Tarea as√≠ncrona iniciada para guardar datos cada 1 minuto.
2024-10-10 07:17:04,805 - INFO - Datos guardados en la base de datos.
2024-10-10 07:18:06,201 - INFO - Datos guardados en la base de datos.
2024-10-10 07:18:34,393 - INFO - Tarea as√≠ncrona iniciada para guardar datos cada 1 minuto.
2024-10-10 07:18:36,237 - INFO - Datos guardados en la base de datos.
2024-10-10 07:20:00,400 - INFO - Tarea as√≠ncrona iniciada para guardar datos cada 1 minuto.
2024-10-10 07:20:02,486 - INFO - Datos guardados en la base de datos.
2024-10-10 07:20:11,094 - ERROR - Error al enviar el correo: (535, b'Incorrect authentication data')
2024-10-10 07:21:13,005 - INFO - Datos guardados en la base de datos.
2024-10-10 07:21:21,205 - ERROR - Error al enviar el correo: (535, b'Incorrect authentication data')
2024-10-10 07:21:30,196 - INFO - Tarea as√≠ncrona iniciada para guardar datos cada 1 minuto.
2024-10-10 07:21:31,991 - INFO - Datos guardados en la base de datos.
2024-10-10 07:21:32,770 - ERROR - Se envi√≥ el correo de manera satisfactoria
2024-10-10 07:23:11,765 - INFO - Tarea as√≠ncrona iniciada para guardar datos cada 1 minuto.
2024-10-10 07:23:13,706 - INFO - Datos guardados en la base de datos.
2024-10-10 07:23:13,719 - ERROR - Task exception was never retrieved
future: <Task finished name='Task-3' coro=<save_data_periodically() done, defined at /home/mateo/Desktop/StarFlowers/FastAPI_Arduino/src/main.py:132> exception=TypeError("send_error_email() missing 1 required positional argument: 'error_message'")>
Traceback (most recent call last):
  File "/home/mateo/Desktop/StarFlowers/FastAPI_Arduino/src/main.py", line 142, in save_data_periodically
    send_error_email()
TypeError: send_error_email() missing 1 required positional argument: 'error_message'
2024-10-10 07:23:40,470 - INFO - Tarea as√≠ncrona iniciada para guardar datos cada 1 minuto.
2024-10-10 07:23:41,957 - INFO - Datos guardados en la base de datos.
2024-10-10 07:23:42,899 - ERROR - Se envi√≥ el correo de manera satisfactoria
2024-10-10 08:12:05,452 - INFO - Tarea as√≠ncrona iniciada para guardar datos cada 1 minuto.
2024-10-10 08:12:07,187 - INFO - Datos guardados en la base de datos.
2024-10-10 08:13:09,114 - INFO - Datos guardados en la base de datos.
2024-10-10 08:14:11,094 - INFO - Datos guardados en la base de datos.
2024-10-10 08:15:12,674 - INFO - Datos guardados en la base de datos.
2024-10-10 08:16:14,321 - INFO - Datos guardados en la base de datos.
2024-10-10 08:17:16,268 - INFO - Datos guardados en la base de datos.
2024-10-10 08:19:44,821 - INFO - Tarea as√≠ncrona iniciada para guardar datos cada 1 minuto.
2024-10-10 08:19:46,629 - INFO - Datos guardados en la base de datos.
2024-10-10 08:20:48,594 - INFO - Datos guardados en la base de datos.
2024-10-10 08:21:50,678 - INFO - Datos guardados en la base de datos.
2024-10-10 08:22:52,504 - INFO - Datos guardados en la base de datos.
2024-10-10 08:23:55,147 - INFO - Datos guardados en la base de datos.
2024-10-10 08:24:56,476 - INFO - Datos guardados en la base de datos.
2024-10-10 08:25:58,146 - INFO - Datos guardados en la base de datos.
2024-10-10 08:26:59,636 - INFO - Datos guardados en la base de datos.
2024-10-10 08:28:01,703 - INFO - Datos guardados en la base de datos.
2024-10-10 08:29:03,715 - INFO - Datos guardados en la base de datos.
2024-10-10 08:30:05,917 - INFO - Datos guardados en la base de datos.
2024-10-10 08:31:07,923 - INFO - Datos guardados en la base de datos.
2024-10-10 08:32:09,559 - INFO - Datos guardados en la base de datos.
2024-10-10 08:33:11,027 - INFO - Datos guardados en la base de datos.
2024-10-10 08:34:12,621 - INFO - Datos guardados en la base de datos.
2024-10-10 08:35:14,008 - INFO - Datos guardados en la base de datos.
2024-10-10 08:36:15,861 - INFO - Datos guardados en la base de datos.
2024-10-10 08:37:17,469 - INFO - Datos guardados en la base de datos.
2024-10-10 08:38:19,218 - INFO - Datos guardados en la base de datos.
2024-10-10 08:39:20,781 - INFO - Datos guardados en la base de datos.
2024-10-10 08:40:22,802 - INFO - Datos guardados en la base de datos.
2024-10-10 08:41:24,584 - INFO - Datos guardados en la base de datos.
2024-10-10 08:42:26,051 - INFO - Datos guardados en la base de datos.
2024-10-10 08:43:28,100 - INFO - Datos guardados en la base de datos.
2024-10-10 08:44:30,126 - INFO - Datos guardados en la base de datos.
2024-10-10 08:45:31,757 - INFO - Datos guardados en la base de datos.
2024-10-10 08:46:33,388 - INFO - Datos guardados en la base de datos.
2024-10-10 08:47:35,148 - INFO - Datos guardados en la base de datos.
2024-10-10 08:48:36,727 - INFO - Datos guardados en la base de datos.
2024-10-10 08:49:38,436 - INFO - Datos guardados en la base de datos.
2024-10-10 08:50:40,066 - INFO - Datos guardados en la base de datos.
2024-10-10 08:51:41,931 - INFO - Datos guardados en la base de datos.
2024-10-10 08:52:43,469 - INFO - Datos guardados en la base de datos.
2024-10-10 08:53:45,222 - INFO - Datos guardados en la base de datos.
2024-10-10 08:54:47,426 - INFO - Datos guardados en la base de datos.
2024-10-10 08:55:49,162 - INFO - Datos guardados en la base de datos.
2024-10-10 08:56:50,920 - INFO - Datos guardados en la base de datos.
2024-10-10 08:57:53,051 - INFO - Datos guardados en la base de datos.
2024-10-10 08:58:54,703 - INFO - Datos guardados en la base de datos.
2024-10-10 08:59:56,220 - INFO - Datos guardados en la base de datos.
2024-10-10 09:00:57,787 - INFO - Datos guardados en la base de datos.
2024-10-10 09:01:59,591 - INFO - Datos guardados en la base de datos.
2024-10-10 09:03:01,621 - INFO - Datos guardados en la base de datos.
2024-10-10 09:04:03,316 - INFO - Datos guardados en la base de datos.
2024-10-10 09:05:05,062 - INFO - Datos guardados en la base de datos.
2024-10-10 09:06:06,635 - INFO - Datos guardados en la base de datos.
2024-10-10 09:07:08,328 - INFO - Datos guardados en la base de datos.
2024-10-10 09:08:09,984 - INFO - Datos guardados en la base de datos.
2024-10-10 09:09:11,529 - INFO - Datos guardados en la base de datos.
2024-10-10 09:10:13,262 - INFO - Datos guardados en la base de datos.
2024-10-10 09:11:15,230 - INFO - Datos guardados en la base de datos.
2024-10-10 09:12:16,771 - INFO - Datos guardados en la base de datos.
2024-10-10 09:13:18,822 - INFO - Datos guardados en la base de datos.
2024-10-10 09:14:20,546 - INFO - Datos guardados en la base de datos.
2024-10-10 09:15:22,094 - INFO - Datos guardados en la base de datos.
2024-10-10 09:16:24,002 - INFO - Datos guardados en la base de datos.
2024-10-10 09:17:25,784 - INFO - Datos guardados en la base de datos.
2024-10-10 09:18:27,324 - INFO - Datos guardados en la base de datos.
2024-10-10 09:19:28,757 - INFO - Datos guardados en la base de datos.
2024-10-10 09:20:30,309 - INFO - Datos guardados en la base de datos.
2024-10-10 09:21:32,155 - INFO - Datos guardados en la base de datos.
2024-10-10 09:22:34,007 - INFO - Datos guardados en la base de datos.
2024-10-10 09:24:03,096 - INFO - Datos guardados en la base de datos.
2024-10-10 09:25:05,167 - INFO - Datos guardados en la base de datos.
2024-10-10 09:26:06,643 - INFO - Datos guardados en la base de datos.
2024-10-10 09:27:07,934 - INFO - Datos guardados en la base de datos.
2024-10-10 09:28:09,444 - INFO - Datos guardados en la base de datos.
2024-10-10 09:29:11,259 - INFO - Datos guardados en la base de datos.
2024-10-10 09:30:12,686 - INFO - Datos guardados en la base de datos.
2024-10-10 09:31:14,538 - INFO - Datos guardados en la base de datos.
2024-10-10 09:32:16,173 - INFO - Datos guardados en la base de datos.
2024-10-10 09:33:17,768 - INFO - Datos guardados en la base de datos.
2024-10-10 09:34:19,523 - INFO - Datos guardados en la base de datos.
2024-10-10 09:35:21,138 - INFO - Datos guardados en la base de datos.
2024-10-10 09:36:22,669 - INFO - Datos guardados en la base de datos.
2024-10-10 09:37:24,390 - INFO - Datos guardados en la base de datos.
2024-10-10 09:38:25,896 - INFO - Datos guardados en la base de datos.
2024-10-10 09:39:27,384 - INFO - Datos guardados en la base de datos.
2024-10-10 09:40:28,860 - INFO - Datos guardados en la base de datos.
2024-10-10 09:41:30,347 - INFO - Datos guardados en la base de datos.
2024-10-10 09:42:31,827 - INFO - Datos guardados en la base de datos.
2024-10-10 09:43:33,394 - INFO - Datos guardados en la base de datos.
2024-10-10 09:44:34,724 - INFO - Datos guardados en la base de datos.
2024-10-10 09:45:36,132 - INFO - Datos guardados en la base de datos.
2024-10-10 09:46:37,703 - INFO - Datos guardados en la base de datos.
2024-10-10 09:47:39,180 - INFO - Datos guardados en la base de datos.
2024-10-10 09:48:40,690 - INFO - Datos guardados en la base de datos.
2024-10-10 09:49:42,322 - INFO - Datos guardados en la base de datos.
2024-10-10 09:50:44,034 - INFO - Datos guardados en la base de datos.
2024-10-10 09:51:45,625 - INFO - Datos guardados en la base de datos.
2024-10-10 09:52:47,214 - INFO - Datos guardados en la base de datos.
2024-10-10 09:53:48,848 - INFO - Datos guardados en la base de datos.
2024-10-10 09:54:50,504 - INFO - Datos guardados en la base de datos.
2024-10-10 09:55:51,962 - INFO - Datos guardados en la base de datos.
2024-10-10 09:56:53,583 - INFO - Datos guardados en la base de datos.
2024-10-10 09:57:55,278 - INFO - Datos guardados en la base de datos.
2024-10-10 09:58:56,844 - INFO - Datos guardados en la base de datos.
2024-10-10 09:59:58,273 - INFO - Datos guardados en la base de datos.
2024-10-10 10:01:00,395 - INFO - Datos guardados en la base de datos.
2024-10-10 10:02:01,943 - INFO - Datos guardados en la base de datos.
2024-10-10 10:03:04,037 - INFO - Datos guardados en la base de datos.
2024-10-10 10:04:05,538 - INFO - Datos guardados en la base de datos.
2024-10-10 10:05:07,080 - INFO - Datos guardados en la base de datos.
2024-10-10 10:06:08,643 - INFO - Datos guardados en la base de datos.
2024-10-10 10:07:10,709 - INFO - Datos guardados en la base de datos.
2024-10-10 10:08:12,638 - INFO - Datos guardados en la base de datos.
2024-10-10 10:09:14,078 - INFO - Datos guardados en la base de datos.
2024-10-10 10:10:15,951 - INFO - Datos guardados en la base de datos.
2024-10-10 10:11:17,563 - INFO - Datos guardados en la base de datos.
2024-10-10 10:12:19,202 - INFO - Datos guardados en la base de datos.
2024-10-10 10:13:20,880 - INFO - Datos guardados en la base de datos.
2024-10-10 10:14:22,836 - INFO - Datos guardados en la base de datos.
2024-10-10 10:15:24,380 - INFO - Datos guardados en la base de datos.
2024-10-10 10:16:25,795 - INFO - Datos guardados en la base de datos.
2024-10-10 10:17:27,958 - INFO - Datos guardados en la base de datos.
2024-10-10 10:18:29,670 - INFO - Datos guardados en la base de datos.
2024-10-10 10:18:50,673 - INFO - Solicitud entrante: GET http://127.0.0.1:9999/data
2024-10-10 10:18:51,972 - INFO - Llamada completada 200
2024-10-10 10:18:52,042 - INFO - Solicitud entrante: GET http://127.0.0.1:9999/favicon.ico
2024-10-10 10:18:52,062 - INFO - Llamada completada 404
2024-10-10 10:19:31,366 - INFO - Datos guardados en la base de datos.
2024-10-10 10:20:33,315 - INFO - Datos guardados en la base de datos.
2024-10-10 10:21:35,043 - INFO - Datos guardados en la base de datos.
2024-10-10 10:22:36,787 - INFO - Datos guardados en la base de datos.
2024-10-10 10:23:38,220 - INFO - Datos guardados en la base de datos.
2024-10-10 10:24:39,737 - INFO - Datos guardados en la base de datos.
2024-10-10 10:25:41,209 - INFO - Datos guardados en la base de datos.
2024-10-10 10:26:42,784 - INFO - Datos guardados en la base de datos.
2024-10-10 10:27:44,585 - INFO - Datos guardados en la base de datos.
2024-10-10 10:28:46,115 - INFO - Datos guardados en la base de datos.
2024-10-10 10:29:47,997 - INFO - Datos guardados en la base de datos.
2024-10-10 10:30:49,605 - INFO - Datos guardados en la base de datos.
2024-10-10 10:31:51,319 - INFO - Datos guardados en la base de datos.
2024-10-10 10:32:53,432 - INFO - Datos guardados en la base de datos.
2024-10-10 10:33:54,974 - INFO - Datos guardados en la base de datos.
2024-10-10 10:34:56,747 - INFO - Datos guardados en la base de datos.
2024-10-10 10:35:58,349 - INFO - Datos guardados en la base de datos.
2024-10-10 10:37:00,273 - INFO - Datos guardados en la base de datos.
2024-10-10 10:38:01,846 - INFO - Datos guardados en la base de datos.
2024-10-10 10:39:03,623 - INFO - Datos guardados en la base de datos.
2024-10-10 10:40:05,472 - INFO - Datos guardados en la base de datos.
2024-10-10 10:41:07,235 - INFO - Datos guardados en la base de datos.
2024-10-10 10:42:08,849 - INFO - Datos guardados en la base de datos.
2024-10-10 10:43:10,602 - INFO - Datos guardados en la base de datos.
2024-10-10 10:44:12,238 - INFO - Datos guardados en la base de datos.
2024-10-10 10:45:14,010 - INFO - Datos guardados en la base de datos.
2024-10-10 10:46:15,637 - INFO - Datos guardados en la base de datos.
2024-10-10 10:47:17,708 - INFO - Datos guardados en la base de datos.
2024-10-10 10:48:19,510 - INFO - Datos guardados en la base de datos.
2024-10-10 10:49:21,525 - INFO - Datos guardados en la base de datos.
2024-10-10 10:50:23,252 - INFO - Datos guardados en la base de datos.
2024-10-10 10:51:25,100 - INFO - Datos guardados en la base de datos.
2024-10-10 10:52:27,050 - INFO - Datos guardados en la base de datos.
2024-10-10 10:53:29,204 - INFO - Datos guardados en la base de datos.
2024-10-10 10:54:31,493 - INFO - Datos guardados en la base de datos.
2024-10-10 10:55:32,764 - ERROR - La API tuvo un error en su solicitud: HTTPSConnectionPool(host='api2.arduino.cc', port=443): Max retries exceeded with url: /iot/v1/clients/token (Caused by NameResolutionError("<urllib3.connection.HTTPSConnection object at 0x726cbff1c6b0>: Failed to resolve 'api2.arduino.cc' ([Errno -3] Temporary failure in name resolution)")).
2024-10-10 10:55:33,097 - ERROR - Task exception was never retrieved
future: <Task finished name='Task-3' coro=<save_data_periodically() done, defined at /home/mateo/Desktop/StarFlowers/FastAPI_Arduino/src/main.py:132> exception=HTTPException(status_code=502, detail='Error al obtener datos de la API de Arduino. Posible estado Offline')>
Traceback (most recent call last):
  File "/home/mateo/Desktop/StarFlowers/FastAPI_Arduino/mienv/lib/python3.12/site-packages/urllib3/connection.py", line 199, in _new_conn
    sock = connection.create_connection(
           ^^^^^^^^^^^^^^^^^^^^^^^^^^^^^
  File "/home/mateo/Desktop/StarFlowers/FastAPI_Arduino/mienv/lib/python3.12/site-packages/urllib3/util/connection.py", line 60, in create_connection
    for res in socket.getaddrinfo(host, port, family, socket.SOCK_STREAM):
               ^^^^^^^^^^^^^^^^^^^^^^^^^^^^^^^^^^^^^^^^^^^^^^^^^^^^^^^^^^
  File "/home/mateo/Desktop/miniconda3/lib/python3.12/socket.py", line 964, in getaddrinfo
    for res in _socket.getaddrinfo(host, port, family, type, proto, flags):
               ^^^^^^^^^^^^^^^^^^^^^^^^^^^^^^^^^^^^^^^^^^^^^^^^^^^^^^^^^^^
socket.gaierror: [Errno -3] Temporary failure in name resolution

The above exception was the direct cause of the following exception:

Traceback (most recent call last):
  File "/home/mateo/Desktop/StarFlowers/FastAPI_Arduino/mienv/lib/python3.12/site-packages/urllib3/connectionpool.py", line 789, in urlopen
    response = self._make_request(
               ^^^^^^^^^^^^^^^^^^^
  File "/home/mateo/Desktop/StarFlowers/FastAPI_Arduino/mienv/lib/python3.12/site-packages/urllib3/connectionpool.py", line 490, in _make_request
    raise new_e
  File "/home/mateo/Desktop/StarFlowers/FastAPI_Arduino/mienv/lib/python3.12/site-packages/urllib3/connectionpool.py", line 466, in _make_request
    self._validate_conn(conn)
  File "/home/mateo/Desktop/StarFlowers/FastAPI_Arduino/mienv/lib/python3.12/site-packages/urllib3/connectionpool.py", line 1095, in _validate_conn
    conn.connect()
  File "/home/mateo/Desktop/StarFlowers/FastAPI_Arduino/mienv/lib/python3.12/site-packages/urllib3/connection.py", line 693, in connect
    self.sock = sock = self._new_conn()
                       ^^^^^^^^^^^^^^^^
  File "/home/mateo/Desktop/StarFlowers/FastAPI_Arduino/mienv/lib/python3.12/site-packages/urllib3/connection.py", line 206, in _new_conn
    raise NameResolutionError(self.host, self, e) from e
urllib3.exceptions.NameResolutionError: <urllib3.connection.HTTPSConnection object at 0x726cbff1c6b0>: Failed to resolve 'api2.arduino.cc' ([Errno -3] Temporary failure in name resolution)

The above exception was the direct cause of the following exception:

Traceback (most recent call last):
  File "/home/mateo/Desktop/StarFlowers/FastAPI_Arduino/mienv/lib/python3.12/site-packages/requests/adapters.py", line 667, in send
    resp = conn.urlopen(
           ^^^^^^^^^^^^^
  File "/home/mateo/Desktop/StarFlowers/FastAPI_Arduino/mienv/lib/python3.12/site-packages/urllib3/connectionpool.py", line 843, in urlopen
    retries = retries.increment(
              ^^^^^^^^^^^^^^^^^^
  File "/home/mateo/Desktop/StarFlowers/FastAPI_Arduino/mienv/lib/python3.12/site-packages/urllib3/util/retry.py", line 519, in increment
    raise MaxRetryError(_pool, url, reason) from reason  # type: ignore[arg-type]
    ^^^^^^^^^^^^^^^^^^^^^^^^^^^^^^^^^^^^^^^^^^^^^^^^^^^
urllib3.exceptions.MaxRetryError: HTTPSConnectionPool(host='api2.arduino.cc', port=443): Max retries exceeded with url: /iot/v1/clients/token (Caused by NameResolutionError("<urllib3.connection.HTTPSConnection object at 0x726cbff1c6b0>: Failed to resolve 'api2.arduino.cc' ([Errno -3] Temporary failure in name resolution)"))

During handling of the above exception, another exception occurred:

Traceback (most recent call last):
  File "/home/mateo/Desktop/StarFlowers/FastAPI_Arduino/src/main.py", line 65, in get_data
    "Authorization": f"Bearer {get_token.get_access_token()}",
                               ^^^^^^^^^^^^^^^^^^^^^^^^^^^^
  File "/home/mateo/Desktop/StarFlowers/FastAPI_Arduino/src/get_token.py", line 21, in get_access_token
    response = requests.post(url, data=payload)
               ^^^^^^^^^^^^^^^^^^^^^^^^^^^^^^^^
  File "/home/mateo/Desktop/StarFlowers/FastAPI_Arduino/mienv/lib/python3.12/site-packages/requests/api.py", line 115, in post
    return request("post", url, data=data, json=json, **kwargs)
           ^^^^^^^^^^^^^^^^^^^^^^^^^^^^^^^^^^^^^^^^^^^^^^^^^^^^
  File "/home/mateo/Desktop/StarFlowers/FastAPI_Arduino/mienv/lib/python3.12/site-packages/requests/api.py", line 59, in request
    return session.request(method=method, url=url, **kwargs)
           ^^^^^^^^^^^^^^^^^^^^^^^^^^^^^^^^^^^^^^^^^^^^^^^^^
  File "/home/mateo/Desktop/StarFlowers/FastAPI_Arduino/mienv/lib/python3.12/site-packages/requests/sessions.py", line 589, in request
    resp = self.send(prep, **send_kwargs)
           ^^^^^^^^^^^^^^^^^^^^^^^^^^^^^^
  File "/home/mateo/Desktop/StarFlowers/FastAPI_Arduino/mienv/lib/python3.12/site-packages/requests/sessions.py", line 703, in send
    r = adapter.send(request, **kwargs)
        ^^^^^^^^^^^^^^^^^^^^^^^^^^^^^^^
  File "/home/mateo/Desktop/StarFlowers/FastAPI_Arduino/mienv/lib/python3.12/site-packages/requests/adapters.py", line 700, in send
    raise ConnectionError(e, request=request)
requests.exceptions.ConnectionError: HTTPSConnectionPool(host='api2.arduino.cc', port=443): Max retries exceeded with url: /iot/v1/clients/token (Caused by NameResolutionError("<urllib3.connection.HTTPSConnection object at 0x726cbff1c6b0>: Failed to resolve 'api2.arduino.cc' ([Errno -3] Temporary failure in name resolution)"))

During handling of the above exception, another exception occurred:

Traceback (most recent call last):
  File "/home/mateo/Desktop/StarFlowers/FastAPI_Arduino/src/main.py", line 136, in save_data_periodically
    data = await get_data()
           ^^^^^^^^^^^^^^^^
  File "/home/mateo/Desktop/StarFlowers/FastAPI_Arduino/src/main.py", line 93, in get_data
    raise HTTPException(status_code=502, detail="Error al obtener datos de la API de Arduino. Posible estado Offline")
fastapi.exceptions.HTTPException: 502: Error al obtener datos de la API de Arduino. Posible estado Offline
2024-10-11 07:04:31,008 - INFO - Tarea as√≠ncrona iniciada para guardar datos cada 1 minuto.
2024-10-11 07:04:32,699 - INFO - Datos guardados en la base de datos.
2024-10-11 07:05:08,286 - INFO - Tarea as√≠ncrona iniciada para guardar datos cada 1 minuto.
2024-10-11 07:05:10,089 - INFO - Datos guardados en la base de datos.
2024-10-11 07:06:11,615 - INFO - Datos guardados en la base de datos.
2024-10-11 07:07:13,326 - INFO - Datos guardados en la base de datos.
2024-10-11 07:08:15,040 - INFO - Datos guardados en la base de datos.
2024-10-11 07:09:16,903 - INFO - Datos guardados en la base de datos.
2024-10-11 07:10:18,989 - INFO - Datos guardados en la base de datos.
2024-10-11 07:11:20,456 - INFO - Datos guardados en la base de datos.
2024-10-11 07:12:22,384 - INFO - Datos guardados en la base de datos.
2024-10-11 07:13:24,042 - INFO - Datos guardados en la base de datos.
2024-10-11 07:14:25,598 - INFO - Datos guardados en la base de datos.
2024-10-11 07:15:27,198 - INFO - Datos guardados en la base de datos.
2024-10-11 07:16:28,771 - INFO - Datos guardados en la base de datos.
2024-10-11 07:17:30,398 - INFO - Datos guardados en la base de datos.
2024-10-11 07:18:32,112 - INFO - Datos guardados en la base de datos.
2024-10-11 07:19:34,088 - INFO - Datos guardados en la base de datos.
2024-10-11 07:20:35,821 - INFO - Datos guardados en la base de datos.
2024-10-11 07:21:37,648 - INFO - Datos guardados en la base de datos.
2024-10-11 07:22:39,312 - INFO - Datos guardados en la base de datos.
2024-10-11 07:23:40,713 - INFO - Datos guardados en la base de datos.
2024-10-11 07:24:42,202 - INFO - Datos guardados en la base de datos.
2024-10-11 07:25:43,878 - INFO - Datos guardados en la base de datos.
2024-10-11 07:26:45,509 - INFO - Datos guardados en la base de datos.
2024-10-11 07:27:47,201 - INFO - Datos guardados en la base de datos.
2024-10-11 07:28:48,800 - INFO - Datos guardados en la base de datos.
2024-10-11 07:29:50,498 - INFO - Datos guardados en la base de datos.
2024-10-11 07:30:51,948 - INFO - Datos guardados en la base de datos.
2024-10-11 07:31:53,609 - INFO - Datos guardados en la base de datos.
2024-10-11 07:32:55,356 - INFO - Datos guardados en la base de datos.
2024-10-11 07:33:57,233 - INFO - Datos guardados en la base de datos.
2024-10-11 07:34:59,065 - INFO - Datos guardados en la base de datos.
2024-10-11 07:36:00,517 - INFO - Datos guardados en la base de datos.
2024-10-11 07:37:01,876 - INFO - Datos guardados en la base de datos.
2024-10-11 07:38:03,683 - INFO - Datos guardados en la base de datos.
2024-10-11 07:39:05,094 - INFO - Datos guardados en la base de datos.
2024-10-11 07:40:06,787 - INFO - Datos guardados en la base de datos.
2024-10-11 07:41:08,619 - INFO - Datos guardados en la base de datos.
2024-10-11 07:42:10,497 - INFO - Datos guardados en la base de datos.
2024-10-11 07:43:12,488 - INFO - Datos guardados en la base de datos.
2024-10-11 07:44:14,141 - INFO - Datos guardados en la base de datos.
2024-10-11 07:45:15,795 - INFO - Datos guardados en la base de datos.
2024-10-11 07:46:17,444 - INFO - Datos guardados en la base de datos.
2024-10-11 07:47:19,510 - INFO - Datos guardados en la base de datos.
2024-10-11 07:48:21,655 - INFO - Datos guardados en la base de datos.
2024-10-11 07:49:23,556 - INFO - Datos guardados en la base de datos.
2024-10-11 07:50:25,312 - INFO - Datos guardados en la base de datos.
2024-10-11 07:51:26,991 - INFO - Datos guardados en la base de datos.
2024-10-11 07:52:29,247 - INFO - Datos guardados en la base de datos.
2024-10-11 07:53:31,015 - INFO - Datos guardados en la base de datos.
2024-10-11 07:54:32,673 - INFO - Datos guardados en la base de datos.
2024-10-11 07:55:34,513 - INFO - Datos guardados en la base de datos.
2024-10-11 07:56:36,454 - INFO - Datos guardados en la base de datos.
2024-10-11 07:57:38,283 - INFO - Datos guardados en la base de datos.
2024-10-11 07:58:39,952 - INFO - Datos guardados en la base de datos.
2024-10-11 07:59:41,589 - INFO - Datos guardados en la base de datos.
2024-10-11 08:00:43,147 - INFO - Datos guardados en la base de datos.
2024-10-11 08:01:44,796 - INFO - Datos guardados en la base de datos.
2024-10-11 09:11:46,451 - ERROR - Task exception was never retrieved
future: <Task finished name='Task-3' coro=<save_data_periodically() done, defined at /home/mateo/Desktop/StarFlowers/FastAPI_Arduino/src/main.py:132> exception=OperationalError('08S01', '[08S01] [Microsoft][ODBC Driver 17 for SQL Server]TCP Provider: Error code 0x274C (10060) (SQLExecDirectW)')>
Traceback (most recent call last):
  File "/home/mateo/Desktop/StarFlowers/FastAPI_Arduino/src/main.py", line 138, in save_data_periodically
    save_data.save_data_to_db(data)
  File "/home/mateo/Desktop/StarFlowers/FastAPI_Arduino/src/save_data.py", line 91, in save_data_to_db
    cursor.execute("""
pyodbc.OperationalError: ('08S01', '[08S01] [Microsoft][ODBC Driver 17 for SQL Server]TCP Provider: Error code 0x274C (10060) (SQLExecDirectW)')
2024-10-14 07:08:06,045 - INFO - Tarea as√≠ncrona iniciada para guardar datos cada 1 minuto.
2024-10-14 07:08:07,896 - INFO - Datos guardados en la base de datos.
2024-10-14 07:09:09,604 - INFO - Datos guardados en la base de datos.
2024-10-14 07:10:11,559 - INFO - Datos guardados en la base de datos.
2024-10-14 07:11:12,957 - INFO - Datos guardados en la base de datos.
2024-10-14 07:12:14,555 - INFO - Datos guardados en la base de datos.
2024-10-14 07:13:16,080 - INFO - Datos guardados en la base de datos.
2024-10-14 07:14:17,918 - INFO - Datos guardados en la base de datos.
2024-10-14 07:15:19,552 - INFO - Datos guardados en la base de datos.
2024-10-14 07:16:21,364 - INFO - Datos guardados en la base de datos.
2024-10-14 07:17:22,892 - INFO - Datos guardados en la base de datos.
2024-10-14 07:18:24,576 - INFO - Datos guardados en la base de datos.
2024-10-14 07:19:26,142 - INFO - Datos guardados en la base de datos.
2024-10-14 07:20:28,097 - INFO - Datos guardados en la base de datos.
2024-10-14 07:21:30,104 - INFO - Datos guardados en la base de datos.
2024-10-14 07:22:31,945 - INFO - Datos guardados en la base de datos.
2024-10-14 07:23:33,535 - INFO - Datos guardados en la base de datos.
2024-10-14 07:24:35,297 - INFO - Datos guardados en la base de datos.
2024-10-14 07:25:36,979 - INFO - Datos guardados en la base de datos.
2024-10-14 07:26:38,544 - INFO - Datos guardados en la base de datos.
2024-10-14 07:27:40,375 - INFO - Datos guardados en la base de datos.
2024-10-14 07:28:42,324 - INFO - Datos guardados en la base de datos.
2024-10-14 07:29:44,381 - INFO - Datos guardados en la base de datos.
2024-10-14 07:30:45,844 - INFO - Datos guardados en la base de datos.
2024-10-14 07:31:47,545 - INFO - Datos guardados en la base de datos.
2024-10-14 07:32:49,308 - INFO - Datos guardados en la base de datos.
2024-10-14 07:33:51,293 - INFO - Datos guardados en la base de datos.
2024-10-14 07:34:53,220 - INFO - Datos guardados en la base de datos.
2024-10-14 07:35:54,965 - INFO - Datos guardados en la base de datos.
2024-10-14 07:36:56,538 - INFO - Datos guardados en la base de datos.
2024-10-14 07:37:58,712 - INFO - Datos guardados en la base de datos.
2024-10-14 07:39:00,363 - INFO - Datos guardados en la base de datos.
2024-10-14 07:40:02,159 - INFO - Datos guardados en la base de datos.
2024-10-14 07:41:04,119 - INFO - Datos guardados en la base de datos.
2024-10-14 07:42:05,829 - INFO - Datos guardados en la base de datos.
2024-10-14 07:43:07,745 - INFO - Datos guardados en la base de datos.
2024-10-14 07:44:09,513 - INFO - Datos guardados en la base de datos.
2024-10-14 07:45:11,266 - INFO - Datos guardados en la base de datos.
2024-10-14 07:46:13,226 - INFO - Datos guardados en la base de datos.
2024-10-14 07:47:15,232 - INFO - Datos guardados en la base de datos.
2024-10-14 07:48:17,006 - INFO - Datos guardados en la base de datos.
2024-10-14 07:49:19,432 - INFO - Datos guardados en la base de datos.
2024-10-14 07:50:21,403 - INFO - Datos guardados en la base de datos.
2024-10-14 07:51:23,365 - INFO - Datos guardados en la base de datos.
2024-10-14 07:52:25,321 - INFO - Datos guardados en la base de datos.
2024-10-14 07:53:27,482 - INFO - Datos guardados en la base de datos.
2024-10-14 07:54:29,449 - INFO - Datos guardados en la base de datos.
2024-10-14 07:55:31,384 - INFO - Datos guardados en la base de datos.
2024-10-14 07:56:33,839 - INFO - Datos guardados en la base de datos.
2024-10-14 07:57:35,561 - INFO - Datos guardados en la base de datos.
2024-10-14 07:58:37,467 - INFO - Datos guardados en la base de datos.
2024-10-14 07:59:39,485 - INFO - Datos guardados en la base de datos.
2024-10-14 08:00:41,300 - INFO - Datos guardados en la base de datos.
2024-10-14 08:01:43,315 - INFO - Datos guardados en la base de datos.
2024-10-14 08:02:44,953 - INFO - Datos guardados en la base de datos.
2024-10-14 08:03:46,963 - INFO - Datos guardados en la base de datos.
2024-10-14 08:04:48,775 - INFO - Datos guardados en la base de datos.
2024-10-14 08:05:50,378 - INFO - Datos guardados en la base de datos.
2024-10-14 08:06:52,799 - INFO - Datos guardados en la base de datos.
2024-10-14 08:07:54,534 - INFO - Datos guardados en la base de datos.
2024-10-14 08:08:56,398 - INFO - Datos guardados en la base de datos.
2024-10-14 08:09:58,286 - INFO - Datos guardados en la base de datos.
2024-10-14 08:11:00,074 - INFO - Datos guardados en la base de datos.
2024-10-14 08:12:01,977 - INFO - Datos guardados en la base de datos.
2024-10-14 08:13:03,643 - INFO - Datos guardados en la base de datos.
2024-10-14 08:14:05,990 - INFO - Datos guardados en la base de datos.
2024-10-14 08:15:07,743 - INFO - Datos guardados en la base de datos.
2024-10-14 08:16:09,765 - INFO - Datos guardados en la base de datos.
2024-10-14 08:17:11,531 - INFO - Datos guardados en la base de datos.
2024-10-14 08:18:13,307 - INFO - Datos guardados en la base de datos.
2024-10-14 08:19:15,359 - INFO - Datos guardados en la base de datos.
2024-10-14 08:20:17,607 - INFO - Datos guardados en la base de datos.
2024-10-14 08:21:19,662 - INFO - Datos guardados en la base de datos.
2024-10-14 08:22:21,823 - INFO - Datos guardados en la base de datos.
2024-10-14 08:23:23,802 - INFO - Datos guardados en la base de datos.
2024-10-14 08:24:26,079 - INFO - Datos guardados en la base de datos.
2024-10-14 08:25:27,906 - INFO - Datos guardados en la base de datos.
2024-10-14 08:26:29,727 - INFO - Datos guardados en la base de datos.
2024-10-14 08:27:31,709 - INFO - Datos guardados en la base de datos.
2024-10-14 08:28:33,736 - INFO - Datos guardados en la base de datos.
2024-10-14 08:29:35,677 - INFO - Datos guardados en la base de datos.
2024-10-14 08:30:37,681 - INFO - Datos guardados en la base de datos.
2024-10-14 08:31:39,492 - INFO - Datos guardados en la base de datos.
2024-10-14 08:32:41,541 - INFO - Datos guardados en la base de datos.
2024-10-14 08:33:43,530 - INFO - Datos guardados en la base de datos.
2024-10-14 08:34:45,568 - INFO - Datos guardados en la base de datos.
2024-10-14 08:35:47,715 - INFO - Datos guardados en la base de datos.
2024-10-14 08:36:49,725 - INFO - Datos guardados en la base de datos.
2024-10-14 08:37:51,360 - INFO - Datos guardados en la base de datos.
2024-10-14 08:38:53,233 - INFO - Datos guardados en la base de datos.
2024-10-14 08:39:55,091 - INFO - Datos guardados en la base de datos.
2024-10-14 08:40:57,260 - INFO - Datos guardados en la base de datos.
2024-10-14 08:41:59,088 - INFO - Datos guardados en la base de datos.
2024-10-14 08:43:01,079 - INFO - Datos guardados en la base de datos.
2024-10-14 08:44:03,391 - INFO - Datos guardados en la base de datos.
2024-10-14 08:45:05,240 - INFO - Datos guardados en la base de datos.
2024-10-14 08:46:07,178 - INFO - Datos guardados en la base de datos.
2024-10-14 08:47:08,829 - INFO - Datos guardados en la base de datos.
2024-10-14 08:48:10,778 - INFO - Datos guardados en la base de datos.
2024-10-14 08:49:12,536 - INFO - Datos guardados en la base de datos.
2024-10-14 08:50:14,382 - INFO - Datos guardados en la base de datos.
2024-10-14 08:51:16,442 - INFO - Datos guardados en la base de datos.
2024-10-14 08:52:18,404 - INFO - Datos guardados en la base de datos.
2024-10-14 08:53:20,275 - INFO - Datos guardados en la base de datos.
2024-10-14 08:54:22,298 - INFO - Datos guardados en la base de datos.
2024-10-14 08:55:24,122 - INFO - Datos guardados en la base de datos.
2024-10-14 08:56:26,101 - INFO - Datos guardados en la base de datos.
2024-10-14 08:57:28,145 - INFO - Datos guardados en la base de datos.
2024-10-14 08:58:29,669 - INFO - Datos guardados en la base de datos.
2024-10-14 08:59:31,423 - INFO - Datos guardados en la base de datos.
2024-10-14 09:00:33,271 - INFO - Datos guardados en la base de datos.
2024-10-14 09:01:35,132 - INFO - Datos guardados en la base de datos.
2024-10-14 09:02:37,172 - INFO - Datos guardados en la base de datos.
2024-10-14 09:03:39,355 - INFO - Datos guardados en la base de datos.
2024-10-14 09:04:41,289 - INFO - Datos guardados en la base de datos.
2024-10-14 09:05:43,155 - INFO - Datos guardados en la base de datos.
2024-10-14 09:06:45,316 - INFO - Datos guardados en la base de datos.
2024-10-14 09:07:46,743 - INFO - Datos guardados en la base de datos.
2024-10-14 09:08:48,111 - INFO - Datos guardados en la base de datos.
2024-10-14 09:09:50,139 - INFO - Datos guardados en la base de datos.
2024-10-14 09:10:52,097 - INFO - Datos guardados en la base de datos.
2024-10-14 09:11:54,093 - INFO - Datos guardados en la base de datos.
2024-10-14 09:12:56,044 - INFO - Datos guardados en la base de datos.
2024-10-14 09:13:57,853 - INFO - Datos guardados en la base de datos.
2024-10-14 09:14:59,495 - INFO - Datos guardados en la base de datos.
2024-10-14 09:16:01,176 - INFO - Datos guardados en la base de datos.
2024-10-14 09:17:03,000 - INFO - Datos guardados en la base de datos.
2024-10-14 09:18:04,572 - INFO - Datos guardados en la base de datos.
2024-10-14 09:19:06,187 - INFO - Datos guardados en la base de datos.
2024-10-14 09:20:08,175 - INFO - Datos guardados en la base de datos.
2024-10-14 09:21:10,097 - INFO - Datos guardados en la base de datos.
2024-10-14 09:22:12,138 - INFO - Datos guardados en la base de datos.
2024-10-14 09:23:14,002 - INFO - Datos guardados en la base de datos.
2024-10-14 09:24:15,953 - INFO - Datos guardados en la base de datos.
2024-10-14 09:25:17,714 - INFO - Datos guardados en la base de datos.
2024-10-14 09:26:19,526 - INFO - Datos guardados en la base de datos.
2024-10-14 09:27:21,484 - INFO - Datos guardados en la base de datos.
2024-10-14 09:28:23,442 - INFO - Datos guardados en la base de datos.
2024-10-14 09:29:25,295 - INFO - Datos guardados en la base de datos.
2024-10-14 09:30:26,972 - INFO - Datos guardados en la base de datos.
2024-10-14 09:31:28,820 - INFO - Datos guardados en la base de datos.
2024-10-14 09:32:30,971 - INFO - Datos guardados en la base de datos.
2024-10-14 09:33:32,821 - INFO - Datos guardados en la base de datos.
2024-10-14 09:34:34,793 - INFO - Datos guardados en la base de datos.
2024-10-14 09:35:36,391 - INFO - Datos guardados en la base de datos.
2024-10-14 09:36:37,905 - INFO - Datos guardados en la base de datos.
2024-10-14 09:37:39,725 - INFO - Datos guardados en la base de datos.
2024-10-14 09:38:41,540 - INFO - Datos guardados en la base de datos.
2024-10-14 09:39:43,435 - INFO - Datos guardados en la base de datos.
2024-10-14 09:40:45,125 - INFO - Datos guardados en la base de datos.
2024-10-14 09:41:47,001 - INFO - Datos guardados en la base de datos.
2024-10-14 09:42:48,774 - ERROR - Task exception was never retrieved
future: <Task finished name='Task-3' coro=<save_data_periodically() done, defined at /home/mateo/Desktop/StarFlowers/FastAPI_Arduino/src/main.py:132> exception=OperationalError('08S01', '[08S01] [Microsoft][ODBC Driver 17 for SQL Server]TCP Provider: Error code 0x68 (104) (SQLExecDirectW)')>
Traceback (most recent call last):
  File "/home/mateo/Desktop/StarFlowers/FastAPI_Arduino/src/main.py", line 138, in save_data_periodically
    save_data.save_data_to_db(data)
  File "/home/mateo/Desktop/StarFlowers/FastAPI_Arduino/src/save_data.py", line 91, in save_data_to_db
    cursor.execute("""
pyodbc.OperationalError: ('08S01', '[08S01] [Microsoft][ODBC Driver 17 for SQL Server]TCP Provider: Error code 0x68 (104) (SQLExecDirectW)')
2024-10-14 14:57:12,972 - INFO - Tarea as√≠ncrona iniciada para guardar datos cada 1 minuto.
2024-10-14 14:57:14,624 - INFO - Datos guardados en la base de datos.
2024-10-14 14:57:20,892 - INFO - Tarea as√≠ncrona iniciada para guardar datos cada 1 minuto.
2024-10-14 14:57:22,678 - INFO - Datos guardados en la base de datos.
2024-10-14 14:58:24,535 - INFO - Datos guardados en la base de datos.
2024-10-14 14:59:26,465 - INFO - Datos guardados en la base de datos.
2024-10-14 15:00:28,299 - INFO - Datos guardados en la base de datos.
2024-10-14 15:01:30,438 - INFO - Datos guardados en la base de datos.
2024-10-14 15:02:32,729 - INFO - Datos guardados en la base de datos.
2024-10-14 15:03:34,665 - INFO - Datos guardados en la base de datos.
2024-10-14 15:04:37,645 - INFO - Datos guardados en la base de datos.
2024-10-14 15:05:39,409 - INFO - Datos guardados en la base de datos.
2024-10-14 15:06:40,980 - INFO - Datos guardados en la base de datos.
2024-10-14 15:07:42,852 - INFO - Datos guardados en la base de datos.
2024-10-14 15:08:44,712 - INFO - Datos guardados en la base de datos.
2024-10-14 15:09:46,278 - INFO - Datos guardados en la base de datos.
2024-10-14 15:10:48,117 - INFO - Datos guardados en la base de datos.
2024-10-14 15:11:50,147 - INFO - Datos guardados en la base de datos.
2024-10-14 15:12:52,076 - INFO - Datos guardados en la base de datos.
2024-10-14 15:13:54,047 - INFO - Datos guardados en la base de datos.
2024-10-14 15:14:55,834 - INFO - Datos guardados en la base de datos.
2024-10-14 15:15:57,791 - INFO - Datos guardados en la base de datos.
2024-10-14 15:16:59,904 - INFO - Datos guardados en la base de datos.
2024-10-14 15:18:01,839 - INFO - Datos guardados en la base de datos.
2024-10-14 15:19:04,093 - INFO - Datos guardados en la base de datos.
2024-10-14 15:20:05,943 - INFO - Datos guardados en la base de datos.
2024-10-14 15:21:08,060 - INFO - Datos guardados en la base de datos.
2024-10-14 15:22:10,060 - INFO - Datos guardados en la base de datos.
2024-10-14 15:23:11,598 - INFO - Datos guardados en la base de datos.
2024-10-14 15:24:13,586 - INFO - Datos guardados en la base de datos.
2024-10-14 15:25:15,805 - INFO - Datos guardados en la base de datos.
2024-10-14 15:26:18,318 - INFO - Datos guardados en la base de datos.
2024-10-14 15:27:20,964 - INFO - Datos guardados en la base de datos.
2024-10-14 15:28:23,065 - INFO - Datos guardados en la base de datos.
2024-10-14 15:29:25,397 - INFO - Datos guardados en la base de datos.
2024-10-17 09:21:07,067 - INFO - Tarea as√≠ncrona iniciada para guardar datos cada 1 minuto.
2024-10-17 09:21:09,328 - INFO - Datos guardados en la base de datos.
2024-10-17 09:22:12,003 - INFO - Datos guardados en la base de datos.
2024-10-17 09:23:14,174 - INFO - Datos guardados en la base de datos.
2024-10-17 09:24:15,988 - INFO - Datos guardados en la base de datos.
2024-10-17 09:25:17,527 - INFO - Datos guardados en la base de datos.
2024-10-17 09:26:19,847 - INFO - Datos guardados en la base de datos.
2024-10-17 09:27:21,349 - INFO - Datos guardados en la base de datos.
2024-10-17 09:28:23,230 - INFO - Datos guardados en la base de datos.
2024-10-17 09:29:25,283 - INFO - Datos guardados en la base de datos.
2024-10-17 09:30:27,135 - INFO - Datos guardados en la base de datos.
2024-10-17 09:31:29,178 - INFO - Datos guardados en la base de datos.
2024-10-17 09:32:30,763 - INFO - Datos guardados en la base de datos.
2024-10-17 09:33:32,670 - INFO - Datos guardados en la base de datos.
2024-10-17 09:34:34,218 - INFO - Datos guardados en la base de datos.
2024-10-17 09:35:36,170 - INFO - Datos guardados en la base de datos.
2024-10-17 09:36:37,816 - INFO - Datos guardados en la base de datos.
2024-10-17 09:37:39,519 - INFO - Datos guardados en la base de datos.
2024-10-17 09:38:41,074 - INFO - Datos guardados en la base de datos.
2024-10-17 09:39:42,667 - INFO - Datos guardados en la base de datos.
2024-10-17 09:40:44,991 - INFO - Datos guardados en la base de datos.
2024-10-17 09:41:47,067 - INFO - Datos guardados en la base de datos.
2024-10-17 09:42:48,789 - INFO - Datos guardados en la base de datos.
2024-10-17 09:43:50,753 - INFO - Datos guardados en la base de datos.
2024-10-17 09:44:52,834 - INFO - Datos guardados en la base de datos.
2024-10-17 09:45:54,827 - INFO - Datos guardados en la base de datos.
2024-10-17 09:46:57,502 - INFO - Datos guardados en la base de datos.
2024-10-17 09:47:59,630 - INFO - Datos guardados en la base de datos.
2024-10-17 09:49:01,395 - INFO - Datos guardados en la base de datos.
2024-10-17 09:50:03,250 - INFO - Datos guardados en la base de datos.
2024-10-17 09:51:05,380 - INFO - Datos guardados en la base de datos.
2024-10-17 09:52:06,963 - INFO - Datos guardados en la base de datos.
2024-10-17 09:53:09,674 - INFO - Datos guardados en la base de datos.
2024-10-17 09:54:17,037 - INFO - Datos guardados en la base de datos.
2024-10-17 09:55:18,982 - INFO - Datos guardados en la base de datos.
2024-10-17 09:56:20,797 - INFO - Datos guardados en la base de datos.
2024-10-17 09:57:22,986 - INFO - Datos guardados en la base de datos.
2024-10-17 09:58:24,796 - INFO - Datos guardados en la base de datos.
2024-10-17 09:59:26,778 - INFO - Datos guardados en la base de datos.
2024-10-17 10:00:28,503 - INFO - Datos guardados en la base de datos.
2024-10-17 10:01:30,253 - INFO - Datos guardados en la base de datos.
2024-10-17 10:02:32,216 - INFO - Datos guardados en la base de datos.
2024-10-17 10:03:34,269 - INFO - Datos guardados en la base de datos.
2024-10-17 10:04:36,131 - INFO - Datos guardados en la base de datos.
2024-10-17 10:05:37,592 - INFO - Datos guardados en la base de datos.
2024-10-17 10:06:40,885 - INFO - Datos guardados en la base de datos.
2024-10-17 10:07:42,628 - INFO - Datos guardados en la base de datos.
2024-10-17 10:08:44,687 - INFO - Datos guardados en la base de datos.
2024-10-17 10:09:46,527 - INFO - Datos guardados en la base de datos.
2024-10-17 10:10:48,252 - INFO - Datos guardados en la base de datos.
2024-10-17 10:11:50,463 - INFO - Datos guardados en la base de datos.
2024-10-17 10:12:52,087 - INFO - Datos guardados en la base de datos.
2024-10-17 10:13:53,987 - INFO - Datos guardados en la base de datos.
2024-10-17 10:14:55,943 - INFO - Datos guardados en la base de datos.
2024-10-17 10:15:57,634 - INFO - Datos guardados en la base de datos.
2024-10-17 10:16:59,528 - INFO - Datos guardados en la base de datos.
2024-10-17 10:18:01,419 - INFO - Datos guardados en la base de datos.
2024-10-17 10:19:03,222 - INFO - Datos guardados en la base de datos.
2024-10-17 10:20:06,013 - INFO - Datos guardados en la base de datos.
2024-10-17 10:21:07,926 - INFO - Datos guardados en la base de datos.
2024-10-17 10:22:09,910 - INFO - Datos guardados en la base de datos.
2024-10-17 10:23:11,826 - INFO - Datos guardados en la base de datos.
2024-10-17 10:24:14,046 - INFO - Datos guardados en la base de datos.
2024-10-17 10:25:16,055 - INFO - Datos guardados en la base de datos.
2024-10-17 10:26:18,265 - INFO - Datos guardados en la base de datos.
2024-10-17 10:27:20,081 - INFO - Datos guardados en la base de datos.
2024-10-17 10:28:22,341 - INFO - Datos guardados en la base de datos.
2024-10-17 10:29:24,304 - INFO - Datos guardados en la base de datos.
2024-10-17 10:30:25,971 - INFO - Datos guardados en la base de datos.
2024-10-17 10:31:27,966 - INFO - Datos guardados en la base de datos.
2024-10-17 10:32:29,424 - INFO - Datos guardados en la base de datos.
2024-10-17 10:33:31,127 - INFO - Datos guardados en la base de datos.
2024-10-17 10:34:33,055 - INFO - Datos guardados en la base de datos.
2024-10-17 10:35:34,786 - INFO - Datos guardados en la base de datos.
2024-10-17 10:36:36,978 - INFO - Datos guardados en la base de datos.
2024-10-17 10:37:38,910 - INFO - Datos guardados en la base de datos.
2024-10-17 10:38:40,744 - INFO - Datos guardados en la base de datos.
2024-10-17 10:39:42,964 - INFO - Datos guardados en la base de datos.
2024-10-17 10:40:45,181 - INFO - Datos guardados en la base de datos.
2024-10-17 10:41:47,005 - INFO - Datos guardados en la base de datos.
2024-10-17 10:42:49,167 - INFO - Datos guardados en la base de datos.
2024-10-17 10:43:51,197 - INFO - Datos guardados en la base de datos.
2024-10-17 10:44:53,252 - INFO - Datos guardados en la base de datos.
2024-10-17 10:45:55,251 - INFO - Datos guardados en la base de datos.
2024-10-17 10:46:57,073 - INFO - Datos guardados en la base de datos.
2024-10-17 10:47:58,710 - INFO - Datos guardados en la base de datos.
2024-10-17 10:49:00,775 - INFO - Datos guardados en la base de datos.
2024-10-17 10:50:02,871 - INFO - Datos guardados en la base de datos.
2024-10-17 10:51:04,804 - INFO - Datos guardados en la base de datos.
2024-10-17 10:52:06,622 - INFO - Datos guardados en la base de datos.
2024-10-17 10:53:08,692 - INFO - Datos guardados en la base de datos.
2024-10-17 10:54:10,241 - INFO - Datos guardados en la base de datos.
2024-10-17 10:55:11,959 - INFO - Datos guardados en la base de datos.
2024-10-17 10:56:14,151 - INFO - Datos guardados en la base de datos.
2024-10-17 10:57:16,300 - INFO - Datos guardados en la base de datos.
2024-10-17 10:58:18,204 - INFO - Datos guardados en la base de datos.
2024-10-17 10:59:19,959 - INFO - Datos guardados en la base de datos.
2024-10-17 11:00:21,915 - INFO - Datos guardados en la base de datos.
2024-10-17 11:01:23,986 - INFO - Datos guardados en la base de datos.
2024-10-17 11:02:25,473 - INFO - Datos guardados en la base de datos.
2024-10-17 11:03:27,053 - INFO - Datos guardados en la base de datos.
2024-10-17 11:04:29,015 - INFO - Datos guardados en la base de datos.
2024-10-17 11:05:30,766 - INFO - Datos guardados en la base de datos.
2024-10-17 11:55:41,929 - ERROR - Task exception was never retrieved
future: <Task finished name='Task-3' coro=<save_data_periodically() done, defined at /home/mateo/Desktop/StarFlowers/FastAPI_Arduino/src/main.py:132> exception=OperationalError('08S01', '[08S01] [Microsoft][ODBC Driver 17 for SQL Server]TCP Provider: Error code 0x274C (10060) (SQLExecDirectW)')>
Traceback (most recent call last):
  File "/home/mateo/Desktop/StarFlowers/FastAPI_Arduino/src/main.py", line 138, in save_data_periodically
    save_data.save_data_to_db(data)
  File "/home/mateo/Desktop/StarFlowers/FastAPI_Arduino/src/save_data.py", line 91, in save_data_to_db
    cursor.execute("""
pyodbc.OperationalError: ('08S01', '[08S01] [Microsoft][ODBC Driver 17 for SQL Server]TCP Provider: Error code 0x274C (10060) (SQLExecDirectW)')
2024-10-18 07:10:29,287 - INFO - Tarea as√≠ncrona iniciada para guardar datos cada 1 minuto.
2024-10-18 07:10:31,233 - INFO - Datos guardados en la base de datos.
2024-10-18 07:11:32,747 - INFO - Datos guardados en la base de datos.
2024-10-18 07:12:34,585 - INFO - Datos guardados en la base de datos.
2024-10-18 07:13:36,460 - INFO - Datos guardados en la base de datos.
2024-10-18 07:14:38,858 - INFO - Datos guardados en la base de datos.
2024-10-18 07:15:40,362 - INFO - Datos guardados en la base de datos.
2024-10-18 07:16:42,500 - INFO - Datos guardados en la base de datos.
2024-10-18 07:17:44,242 - INFO - Datos guardados en la base de datos.
2024-10-18 07:18:46,194 - INFO - Datos guardados en la base de datos.
2024-10-18 07:19:48,150 - INFO - Datos guardados en la base de datos.
2024-10-18 07:20:49,817 - INFO - Datos guardados en la base de datos.
2024-10-18 07:21:51,601 - INFO - Datos guardados en la base de datos.
2024-10-18 07:22:53,505 - INFO - Datos guardados en la base de datos.
2024-10-18 07:23:55,456 - INFO - Datos guardados en la base de datos.
2024-10-18 07:24:57,514 - INFO - Datos guardados en la base de datos.
2024-10-18 07:25:59,468 - INFO - Datos guardados en la base de datos.
2024-10-18 07:27:01,243 - INFO - Datos guardados en la base de datos.
2024-10-18 07:28:03,620 - INFO - Datos guardados en la base de datos.
2024-10-18 07:29:05,218 - INFO - Datos guardados en la base de datos.
2024-10-18 07:30:07,285 - INFO - Datos guardados en la base de datos.
2024-10-18 07:31:09,589 - INFO - Datos guardados en la base de datos.
2024-10-18 07:32:11,475 - INFO - Datos guardados en la base de datos.
2024-10-18 07:33:13,416 - INFO - Datos guardados en la base de datos.
2024-10-18 07:34:15,326 - INFO - Datos guardados en la base de datos.
2024-10-18 07:35:17,242 - INFO - Datos guardados en la base de datos.
2024-10-18 07:36:19,310 - INFO - Datos guardados en la base de datos.
2024-10-18 07:37:20,995 - INFO - Datos guardados en la base de datos.
2024-10-18 07:38:23,054 - INFO - Datos guardados en la base de datos.
2024-10-18 07:39:25,020 - INFO - Datos guardados en la base de datos.
2024-10-18 07:40:27,133 - INFO - Datos guardados en la base de datos.
2024-10-18 07:41:29,386 - INFO - Datos guardados en la base de datos.
2024-10-18 07:42:31,212 - INFO - Datos guardados en la base de datos.
2024-10-18 07:43:33,372 - INFO - Datos guardados en la base de datos.
2024-10-18 07:44:35,175 - INFO - Datos guardados en la base de datos.
2024-10-18 07:45:36,915 - INFO - Datos guardados en la base de datos.
2024-10-18 07:46:38,752 - INFO - Datos guardados en la base de datos.
2024-10-18 07:47:40,410 - INFO - Datos guardados en la base de datos.
2024-10-18 07:48:42,170 - INFO - Datos guardados en la base de datos.
2024-10-18 07:49:44,029 - INFO - Datos guardados en la base de datos.
2024-10-18 07:50:46,288 - INFO - Datos guardados en la base de datos.
2024-10-18 07:51:48,398 - INFO - Datos guardados en la base de datos.
2024-10-18 07:52:50,373 - INFO - Datos guardados en la base de datos.
2024-10-18 07:53:52,497 - INFO - Datos guardados en la base de datos.
2024-10-18 07:54:54,385 - INFO - Datos guardados en la base de datos.
2024-10-18 07:55:56,336 - INFO - Datos guardados en la base de datos.
2024-10-18 07:56:58,165 - INFO - Datos guardados en la base de datos.
2024-10-18 07:57:59,920 - INFO - Datos guardados en la base de datos.
2024-10-18 07:59:02,056 - INFO - Datos guardados en la base de datos.
2024-10-18 08:00:03,757 - INFO - Datos guardados en la base de datos.
2024-10-18 08:01:05,800 - INFO - Datos guardados en la base de datos.
2024-10-18 08:02:08,072 - INFO - Datos guardados en la base de datos.
2024-10-18 08:03:09,910 - INFO - Datos guardados en la base de datos.
2024-10-18 08:04:12,054 - INFO - Datos guardados en la base de datos.
2024-10-18 08:05:14,219 - INFO - Datos guardados en la base de datos.
2024-10-18 08:06:16,068 - INFO - Datos guardados en la base de datos.
2024-10-18 08:07:18,229 - INFO - Datos guardados en la base de datos.
2024-10-18 08:08:20,427 - INFO - Datos guardados en la base de datos.
2024-10-18 08:09:22,341 - INFO - Datos guardados en la base de datos.
2024-10-18 08:10:24,196 - INFO - Datos guardados en la base de datos.
2024-10-18 08:11:26,469 - INFO - Datos guardados en la base de datos.
2024-10-18 08:12:28,518 - INFO - Datos guardados en la base de datos.
2024-10-18 08:13:30,857 - INFO - Datos guardados en la base de datos.
2024-10-18 08:14:33,028 - INFO - Datos guardados en la base de datos.
2024-10-18 08:15:34,703 - INFO - Datos guardados en la base de datos.
2024-10-18 08:16:37,388 - INFO - Datos guardados en la base de datos.
2024-10-18 08:17:39,598 - INFO - Datos guardados en la base de datos.
2024-10-18 08:18:41,732 - INFO - Datos guardados en la base de datos.
2024-10-18 08:19:43,616 - INFO - Datos guardados en la base de datos.
2024-10-18 08:20:45,575 - INFO - Datos guardados en la base de datos.
2024-10-18 08:25:50,437 - ERROR - Task exception was never retrieved
future: <Task finished name='Task-3' coro=<save_data_periodically() done, defined at /home/mateo/Desktop/StarFlowers/FastAPI_Arduino/src/main.py:132> exception=OperationalError('08S01', '[08S01] [Microsoft][ODBC Driver 17 for SQL Server]TCP Provider: Error code 0x274C (10060) (SQLExecDirectW)')>
Traceback (most recent call last):
  File "/home/mateo/Desktop/StarFlowers/FastAPI_Arduino/src/main.py", line 138, in save_data_periodically
    save_data.save_data_to_db(data)
  File "/home/mateo/Desktop/StarFlowers/FastAPI_Arduino/src/save_data.py", line 91, in save_data_to_db
    cursor.execute("""
pyodbc.OperationalError: ('08S01', '[08S01] [Microsoft][ODBC Driver 17 for SQL Server]TCP Provider: Error code 0x274C (10060) (SQLExecDirectW)')
2024-10-21 07:08:41,562 - INFO - Tarea as√≠ncrona iniciada para guardar datos cada 1 minuto.
2024-10-21 07:08:43,853 - INFO - Datos guardados en la base de datos.
2024-10-21 07:09:26,688 - INFO - Tarea as√≠ncrona iniciada para guardar datos cada 1 minuto.
2024-10-21 07:09:28,612 - INFO - Datos guardados en la base de datos.
2024-10-21 07:10:30,103 - INFO - Datos guardados en la base de datos.
2024-10-21 07:11:31,824 - INFO - Datos guardados en la base de datos.
2024-10-21 07:12:33,779 - INFO - Datos guardados en la base de datos.
2024-10-21 07:13:35,611 - INFO - Datos guardados en la base de datos.
2024-10-21 07:14:37,640 - INFO - Datos guardados en la base de datos.
2024-10-21 07:15:39,006 - INFO - Datos guardados en la base de datos.
2024-10-21 07:16:40,780 - INFO - Datos guardados en la base de datos.
2024-10-21 07:17:42,542 - INFO - Datos guardados en la base de datos.
2024-10-21 07:18:44,195 - INFO - Datos guardados en la base de datos.
2024-10-21 07:19:45,998 - INFO - Datos guardados en la base de datos.
2024-10-21 07:20:48,037 - INFO - Datos guardados en la base de datos.
2024-10-21 07:21:49,729 - INFO - Datos guardados en la base de datos.
2024-10-21 07:22:51,806 - INFO - Datos guardados en la base de datos.
2024-10-21 07:23:53,709 - INFO - Datos guardados en la base de datos.
2024-10-21 07:24:55,512 - INFO - Datos guardados en la base de datos.
2024-10-21 07:25:57,302 - INFO - Datos guardados en la base de datos.
2024-10-21 07:26:59,227 - INFO - Datos guardados en la base de datos.
2024-10-21 07:28:01,249 - INFO - Datos guardados en la base de datos.
2024-10-21 07:29:03,091 - INFO - Datos guardados en la base de datos.
2024-10-21 07:30:05,309 - INFO - Datos guardados en la base de datos.
2024-10-21 07:31:07,387 - INFO - Datos guardados en la base de datos.
2024-10-21 07:32:09,448 - INFO - Datos guardados en la base de datos.
2024-10-21 07:33:11,787 - INFO - Datos guardados en la base de datos.
2024-10-21 07:34:13,727 - INFO - Datos guardados en la base de datos.
2024-10-21 07:35:15,558 - INFO - Datos guardados en la base de datos.
2024-10-21 07:36:17,579 - INFO - Datos guardados en la base de datos.
2024-10-21 07:37:19,358 - INFO - Datos guardados en la base de datos.
2024-10-21 07:38:21,368 - INFO - Datos guardados en la base de datos.
2024-10-21 07:39:23,483 - INFO - Datos guardados en la base de datos.
2024-10-21 07:40:25,308 - INFO - Datos guardados en la base de datos.
2024-10-21 07:41:26,982 - INFO - Datos guardados en la base de datos.
2024-10-21 07:42:28,782 - INFO - Datos guardados en la base de datos.
2024-10-21 07:43:30,639 - INFO - Datos guardados en la base de datos.
2024-10-21 07:44:32,399 - INFO - Datos guardados en la base de datos.
2024-10-21 07:45:34,362 - INFO - Datos guardados en la base de datos.
2024-10-21 07:46:36,626 - INFO - Datos guardados en la base de datos.
2024-10-21 07:47:38,785 - INFO - Datos guardados en la base de datos.
2024-10-21 07:48:40,658 - INFO - Datos guardados en la base de datos.
2024-10-21 07:49:42,625 - INFO - Datos guardados en la base de datos.
2024-10-21 07:50:44,574 - INFO - Datos guardados en la base de datos.
2024-10-21 08:16:58,990 - ERROR - Task exception was never retrieved
future: <Task finished name='Task-3' coro=<save_data_periodically() done, defined at /home/mateo/Desktop/StarFlowers/FastAPI_Arduino/src/main.py:132> exception=OperationalError('08S01', '[08S01] [Microsoft][ODBC Driver 17 for SQL Server]TCP Provider: Error code 0x274C (10060) (SQLExecDirectW)')>
Traceback (most recent call last):
  File "/home/mateo/Desktop/StarFlowers/FastAPI_Arduino/src/main.py", line 138, in save_data_periodically
    save_data.save_data_to_db(data)
  File "/home/mateo/Desktop/StarFlowers/FastAPI_Arduino/src/save_data.py", line 91, in save_data_to_db
    cursor.execute("""
pyodbc.OperationalError: ('08S01', '[08S01] [Microsoft][ODBC Driver 17 for SQL Server]TCP Provider: Error code 0x274C (10060) (SQLExecDirectW)')
2024-10-21 15:01:35,125 - INFO - Tarea as√≠ncrona iniciada para guardar datos cada 1 minuto.
2024-10-21 15:01:36,997 - INFO - Datos guardados en la base de datos.
2024-10-21 15:02:38,565 - INFO - Datos guardados en la base de datos.
2024-10-21 15:03:39,989 - INFO - Datos guardados en la base de datos.
2024-10-21 15:04:41,495 - INFO - Datos guardados en la base de datos.
2024-10-21 15:05:43,091 - INFO - Datos guardados en la base de datos.
2024-10-21 15:06:44,755 - INFO - Datos guardados en la base de datos.
2024-10-21 15:07:46,738 - INFO - Datos guardados en la base de datos.
2024-10-21 15:08:48,738 - INFO - Datos guardados en la base de datos.
2024-10-21 15:09:50,266 - INFO - Datos guardados en la base de datos.
2024-10-21 15:10:51,779 - INFO - Datos guardados en la base de datos.
2024-10-21 15:11:53,159 - INFO - Datos guardados en la base de datos.
2024-10-21 15:12:54,637 - INFO - Datos guardados en la base de datos.
2024-10-21 15:13:56,324 - INFO - Datos guardados en la base de datos.
2024-10-21 15:14:58,228 - INFO - Datos guardados en la base de datos.
2024-10-21 15:15:59,959 - INFO - Datos guardados en la base de datos.
2024-10-21 15:17:02,584 - INFO - Datos guardados en la base de datos.
2024-10-21 15:22:02,752 - INFO - Datos guardados en la base de datos.
2024-10-21 15:23:05,027 - INFO - Datos guardados en la base de datos.
2024-10-21 15:24:06,904 - INFO - Datos guardados en la base de datos.
2024-10-21 15:25:08,807 - INFO - Datos guardados en la base de datos.
2024-10-21 15:26:10,434 - INFO - Datos guardados en la base de datos.
2024-10-21 15:27:11,926 - INFO - Datos guardados en la base de datos.
2024-10-21 15:28:13,572 - INFO - Datos guardados en la base de datos.
2024-10-21 15:29:15,588 - INFO - Datos guardados en la base de datos.
2024-10-21 15:30:17,703 - INFO - Datos guardados en la base de datos.
2024-10-24 08:10:13,583 - INFO - Tarea as√≠ncrona iniciada para guardar datos cada 1 minuto.
2024-10-24 08:10:16,012 - INFO - Datos guardados en la base de datos.
2024-10-24 08:11:18,136 - INFO - Datos guardados en la base de datos.
2024-10-24 08:12:19,786 - INFO - Datos guardados en la base de datos.
2024-10-24 08:13:21,725 - INFO - Datos guardados en la base de datos.
2024-10-24 08:14:23,827 - INFO - Datos guardados en la base de datos.
2024-10-24 08:15:25,705 - INFO - Datos guardados en la base de datos.
2024-10-24 08:16:27,823 - INFO - Datos guardados en la base de datos.
2024-10-24 08:17:29,975 - INFO - Datos guardados en la base de datos.
2024-10-24 08:18:32,008 - INFO - Datos guardados en la base de datos.
2024-10-24 08:19:34,084 - INFO - Datos guardados en la base de datos.
2024-10-24 08:20:36,065 - INFO - Datos guardados en la base de datos.
2024-10-24 08:21:37,674 - INFO - Datos guardados en la base de datos.
2024-10-24 08:22:39,508 - INFO - Datos guardados en la base de datos.
2024-10-24 08:23:41,364 - INFO - Datos guardados en la base de datos.
2024-10-24 08:24:43,015 - INFO - Datos guardados en la base de datos.
2024-10-24 08:25:44,675 - INFO - Datos guardados en la base de datos.
2024-10-24 08:26:46,573 - INFO - Datos guardados en la base de datos.
2024-10-24 08:27:48,182 - INFO - Datos guardados en la base de datos.
2024-10-24 08:28:50,097 - INFO - Datos guardados en la base de datos.
2024-10-24 08:29:53,102 - INFO - Datos guardados en la base de datos.
2024-10-24 08:30:55,432 - INFO - Datos guardados en la base de datos.
2024-10-24 08:31:57,772 - INFO - Datos guardados en la base de datos.
2024-10-24 08:32:59,670 - INFO - Datos guardados en la base de datos.
2024-10-24 08:34:01,987 - INFO - Datos guardados en la base de datos.
2024-10-24 08:35:04,137 - INFO - Datos guardados en la base de datos.
2024-10-24 08:36:06,443 - INFO - Datos guardados en la base de datos.
2024-10-24 08:37:08,437 - INFO - Datos guardados en la base de datos.
2024-10-24 08:38:10,315 - INFO - Datos guardados en la base de datos.
2024-10-24 08:39:12,355 - INFO - Datos guardados en la base de datos.
2024-10-24 08:40:14,294 - INFO - Datos guardados en la base de datos.
2024-10-24 08:41:16,134 - INFO - Datos guardados en la base de datos.
2024-10-24 08:42:18,118 - INFO - Datos guardados en la base de datos.
2024-10-24 08:43:20,103 - INFO - Datos guardados en la base de datos.
2024-10-24 08:44:21,904 - INFO - Datos guardados en la base de datos.
2024-10-24 08:45:23,961 - INFO - Datos guardados en la base de datos.
2024-10-24 08:46:26,009 - INFO - Datos guardados en la base de datos.
2024-10-24 08:47:28,023 - INFO - Datos guardados en la base de datos.
2024-10-24 08:48:29,923 - INFO - Datos guardados en la base de datos.
2024-10-24 08:49:31,957 - INFO - Datos guardados en la base de datos.
2024-10-24 08:50:34,019 - INFO - Datos guardados en la base de datos.
2024-10-24 08:51:35,975 - INFO - Datos guardados en la base de datos.
2024-10-24 08:52:38,127 - INFO - Datos guardados en la base de datos.
2024-10-24 08:53:39,885 - INFO - Datos guardados en la base de datos.
2024-10-24 09:00:08,722 - ERROR - Task exception was never retrieved
future: <Task finished name='Task-3' coro=<save_data_periodically() done, defined at /home/mateo/Desktop/StarFlowers/FastAPI_Arduino/src/main.py:132> exception=OperationalError('08S01', '[08S01] [Microsoft][ODBC Driver 17 for SQL Server]TCP Provider: Error code 0x274C (10060) (SQLExecDirectW)')>
Traceback (most recent call last):
  File "/home/mateo/Desktop/StarFlowers/FastAPI_Arduino/src/main.py", line 138, in save_data_periodically
    save_data.save_data_to_db(data)
  File "/home/mateo/Desktop/StarFlowers/FastAPI_Arduino/src/save_data.py", line 91, in save_data_to_db
    cursor.execute("""
pyodbc.OperationalError: ('08S01', '[08S01] [Microsoft][ODBC Driver 17 for SQL Server]TCP Provider: Error code 0x274C (10060) (SQLExecDirectW)')
